$ kubectl -n nginx-ingress get all
NAME                      READY   STATUS    RESTARTS   AGE
pod/nginx-ingress-nkwr9   1/1     Running   0          45s
pod/nginx-ingress-qqhd7   1/1     Running   0          45s



NAME                           DESIRED   CURRENT   READY   UP-TO-DATE   AVAILABLE   NODE SELECTOR   AGE
daemonset.apps/nginx-ingress   2         2         2       2            2           <none>          45s

$ kubectl get ns
NAME              STATUS   AGE
default           Active   117m
kube-node-lease   Active   117m
kube-public       Active   117m
kube-system       Active   117m
nginx-ingress     Active   49s


vagrant@k-master:~$ kubectl get svc -o wide
NAME         TYPE        CLUSTER-IP      EXTERNAL-IP   PORT(S)   AGE     SELECTOR
kubernetes   ClusterIP   10.96.0.1       <none>        443/TCP   4h30m   <none>
nginx        ClusterIP   10.105.58.130   <none>        80/TCP    19m     app=nginx



vagrant@k-master:/vagrant$ kubectl get ing
NAME               CLASS    HOSTS               ADDRESS   PORTS     AGE
ingress-resource   <none>   nginx.example.com             80, 443   77s



vagrant@k-master:/vagrant$ kubectl describe ing ingress-resource
Name:             ingress-resource
Namespace:        default
Address:
Default backend:  default-http-backend:80 (<error: endpoints "default-http-backend" not found>)
TLS:
  letsencrypt-staging terminates nginx.example.com
Rules:
  Host               Path  Backends
  ----               ----  --------
  nginx.example.com
                        nginx:80 (192.168.114.12:80)
Annotations:         certmanager.k8s.io/cluster-issuer: letsencrypt-staging
Events:
  Type    Reason          Age   From                      Message
  ----    ------          ----  ----                      -------
  Normal  AddedOrUpdated  92s   nginx-ingress-controller  Configuration for default/ingress-resource was added or updated
  Normal  AddedOrUpdated  92s   nginx-ingress-controller  Configuration for default/ingress-resource was added or updated









